Copyright 1986-2014 Xilinx, Inc. All Rights Reserved.
----------------------------------------------------------------------------------------
| Tool Version : Vivado v.2014.4 (win32) Build 1071353 Tue Nov 18 18:10:08 MST 2014
| Date         : Sun Jun 28 16:18:43 2015
| Host         : Ji_Dongdong running 32-bit Service Pack 1  (build 7601)
| Command      : report_control_sets -verbose -file MPC_PWM_TOP_control_sets_placed.rpt
| Design       : MPC_PWM_TOP
| Device       : xc7z010
----------------------------------------------------------------------------------------

Control Set Information

Table of Contents
-----------------
1. Summary
2. Flip-Flop Distribution
3. Detailed Control Set Information

1. Summary
----------

+-------------------------------------------------------------------+-------+
|                               Status                              | Count |
+-------------------------------------------------------------------+-------+
| Number of unique control sets                                     |   191 |
| Minimum Number of register sites lost to control set restrictions |   570 |
+-------------------------------------------------------------------+-------+


2. Flip-Flop Distribution
-------------------------

+--------------+-----------------------+------------------------+-----------------+--------------+
| Clock Enable | Synchronous Set/Reset | Asynchronous Set/Reset | Total Registers | Total Slices |
+--------------+-----------------------+------------------------+-----------------+--------------+
| No           | No                    | No                     |            1489 |          402 |
| No           | No                    | Yes                    |              15 |            5 |
| No           | Yes                   | No                     |             210 |          120 |
| Yes          | No                    | No                     |            5187 |         1465 |
| Yes          | No                    | Yes                    |               0 |            0 |
| Yes          | Yes                   | No                     |            1145 |          298 |
+--------------+-----------------------+------------------------+-----------------+--------------+


3. Detailed Control Set Information
-----------------------------------

+-------------------+-----------------------------------------------------------------------------------------------------------------------+------------------------------------------------------------------------------------------------------------------------------+------------------+----------------+
|    Clock Signal   |                                                     Enable Signal                                                     |                                                       Set/Reset Signal                                                       | Slice Load Count | Bel Load Count |
+-------------------+-----------------------------------------------------------------------------------------------------------------------+------------------------------------------------------------------------------------------------------------------------------+------------------+----------------+
|  mytest/dclk_bufg |                                                                                                                       | my_controlller/grp_Compult_mpc_pso_fu_161/grp_Compult_pso_fu_348/grp_Compult_fitness_1_fu_573/SR[0]                          |                2 |              4 |
|  clk_IBUF_BUFG    | my_controlller/grp_Compult_mpc_pso_fu_161/grp_Compult_pso_fu_348/n_10_neg_src_7_reg_2597[0]_i_1                       |                                                                                                                              |                1 |              4 |
|  clk_IBUF_BUFG    | my_controlller/grp_Compult_mpc_pso_fu_161/grp_Compult_pso_fu_348/ap_sig_bdd_541                                       |                                                                                                                              |                1 |              4 |
|  clk_IBUF_BUFG    | my_controlller/grp_Compult_mpc_pso_fu_161/grp_Compult_pso_fu_348/grp_Compult_fitness_fu_588/ap_NS_fsm[1]              |                                                                                                                              |                2 |              4 |
|  clk_IBUF_BUFG    | my_controlller/grp_Compult_mpc_pso_fu_161/grp_Compult_pso_fu_348/i_op_assign_6_reg_482014_out                         | my_controlller/grp_Compult_mpc_pso_fu_161/grp_Compult_pso_fu_348/n_10_i_op_assign_6_reg_482[4]_i_1                           |                2 |              5 |
|  mytest/dclk_bufg | mytest/n_10_FSM_sequential_state[4]_i_1                                                                               | my_controlller/grp_Compult_mpc_pso_fu_161/grp_Compult_pso_fu_348/grp_Compult_fitness_1_fu_573/SR[0]                          |                2 |              5 |
|  clk_IBUF_BUFG    | my_controlller/grp_Compult_mpc_pso_fu_161/grp_Compult_pso_fu_348/i_op_assign_2_reg_425017_out                         | my_controlller/grp_Compult_mpc_pso_fu_161/grp_Compult_pso_fu_348/i_op_assign_2_reg_4250                                      |                2 |              5 |
|  clk_IBUF_BUFG    | my_controlller/grp_Compult_mpc_pso_fu_161/grp_Compult_pso_fu_348/i_op_assign_7_reg_4710                               |                                                                                                                              |                2 |              5 |
|  mytest/dclk_bufg | mytest/n_10_daddr[6]_i_1                                                                                              |                                                                                                                              |                2 |              5 |
|  clk_IBUF_BUFG    | my_controlller/grp_Compult_mpc_pso_fu_161/ap_sig_bdd_284                                                              |                                                                                                                              |                2 |              5 |
|  clk_IBUF_BUFG    | my_controlller/grp_Compult_mpc_pso_fu_161/grp_Compult_pso_fu_348/n_10_p_addr4_cast_reg_1980[5]_i_1                    |                                                                                                                              |                1 |              5 |
|  clk_IBUF_BUFG    | my_controlller/grp_Compult_mpc_pso_fu_161/grp_Compult_pso_fu_348/grp_Compult_fitness_1_fu_573/ap_sig_bdd_323          |                                                                                                                              |                2 |              5 |
|  clk_IBUF_BUFG    | my_controlller/grp_Compult_mpc_pso_fu_161/ap_sig_bdd_393                                                              | my_controlller/grp_Compult_mpc_pso_fu_161/j_reg_3360                                                                         |                2 |              5 |
|  clk_IBUF_BUFG    | my_controlller/grp_Compult_mpc_pso_fu_161/grp_Compult_pso_fu_348/n_10_p_V_addr_2_reg_2490[4]_i_1                      |                                                                                                                              |                2 |              5 |
|  clk_IBUF_BUFG    | my_controlller/grp_Compult_mpc_pso_fu_161/grp_Compult_pso_fu_348/n_10_i_op_assign_reg_403[4]_i_2                      | my_controlller/grp_Compult_mpc_pso_fu_161/grp_Compult_pso_fu_348/n_10_i_op_assign_reg_403[4]_i_1                             |                1 |              5 |
|  clk_IBUF_BUFG    | my_controlller/grp_Compult_mpc_pso_fu_161/grp_Compult_pso_fu_348/n_10_i_op_assign_5_reg_459[4]_i_2                    | my_controlller/grp_Compult_mpc_pso_fu_161/grp_Compult_pso_fu_348/n_10_i_op_assign_5_reg_459[4]_i_1                           |                2 |              5 |
|  clk_IBUF_BUFG    | my_controlller/grp_Compult_mpc_pso_fu_161/grp_Compult_pso_fu_348/grp_Compult_fitness_1_fu_573/ap_NS_fsm[1]            |                                                                                                                              |                2 |              5 |
|  clk_IBUF_BUFG    | my_controlller/grp_Compult_mpc_pso_fu_161/ap_sig_bdd_446                                                              | my_controlller/grp_Compult_mpc_pso_fu_161/n_10_i_reg_266[4]_i_1                                                              |                1 |              5 |
|  clk_IBUF_BUFG    | my_controlller/grp_Compult_mpc_pso_fu_161/ap_sig_bdd_455                                                              | my_controlller/grp_Compult_mpc_pso_fu_161/i_1_reg_2770                                                                       |                2 |              5 |
|  clk_IBUF_BUFG    | my_controlller/grp_Compult_mpc_pso_fu_161/grp_Compult_pso_fu_348/i_op_assign_8_reg_4930                               | my_controlller/grp_Compult_mpc_pso_fu_161/grp_Compult_pso_fu_348/n_10_i_op_assign_8_reg_493[4]_i_1                           |                2 |              5 |
|  clk_IBUF_BUFG    | my_controlller/grp_Compult_mpc_pso_fu_161/grp_Compult_pso_fu_348/ap_sig_bdd_263                                       |                                                                                                                              |                1 |              5 |
|  clk_IBUF_BUFG    | my_controlller/grp_Compult_mpc_pso_fu_161/grp_Compult_pso_fu_348/ap_sig_bdd_190                                       |                                                                                                                              |                1 |              5 |
|  clk_IBUF_BUFG    | my_controlller/grp_Compult_mpc_pso_fu_161/grp_Compult_pso_fu_348/grp_Compult_fitness_1_fu_573/ap_sig_bdd_367          |                                                                                                                              |                5 |              6 |
|  clk_IBUF_BUFG    | my_controlller/grp_Compult_mpc_pso_fu_161/grp_Compult_pso_fu_348/grp_Compult_fitness_fu_588/ap_sig_bdd_311            |                                                                                                                              |                4 |              6 |
|  clk_IBUF_BUFG    | my_controlller/grp_Compult_mpc_pso_fu_161/grp_Compult_pso_fu_348/n_10_ap_CS_fsm[13]_i_1__0                            |                                                                                                                              |                1 |              6 |
|  clk_IBUF_BUFG    | my_controlller/grp_Compult_mpc_pso_fu_161/grp_Compult_pso_fu_348/n_10_ap_CS_fsm[31]_i_1__1                            |                                                                                                                              |                3 |              6 |
|  clk_IBUF_BUFG    | my_controlller/grp_Compult_mpc_pso_fu_161/grp_Compult_pso_fu_348/n_10_p_addr1_cast_reg_2513[5]_i_1                    |                                                                                                                              |                3 |              6 |
|  clk_IBUF_BUFG    | my_controlller/grp_Compult_mpc_pso_fu_161/grp_Compult_pso_fu_348/ap_NS_fsm_1[48]                                      |                                                                                                                              |                3 |              6 |
|  clk_IBUF_BUFG    | my_controlller/grp_Compult_mpc_pso_fu_161/grp_Compult_pso_fu_348/E[0]                                                 |                                                                                                                              |                2 |              6 |
|  clk_IBUF_BUFG    | my_controlller/grp_Compult_mpc_pso_fu_161/ap_sig_bdd_206                                                              |                                                                                                                              |                3 |             10 |
|  mytest/dclk_bufg | mytest/n_10_di_drp[9]_i_1                                                                                             | my_controlller/grp_Compult_mpc_pso_fu_161/grp_Compult_pso_fu_348/grp_Compult_fitness_1_fu_573/SR[0]                          |                3 |             10 |
|  clk_IBUF_BUFG    | my_controlller/grp_Compult_mpc_pso_fu_161/grp_Compult_pso_fu_348/ap_sig_bdd_252                                       |                                                                                                                              |                4 |             10 |
|  clk_IBUF_BUFG    | my_controlller/grp_Compult_mpc_pso_fu_161/grp_Compult_pso_fu_348/ap_sig_bdd_377                                       |                                                                                                                              |                4 |             10 |
|  clk_IBUF_BUFG    | my_controlller/grp_Compult_mpc_pso_fu_161/grp_Compult_pso_fu_348/grp_Compult_fitness_1_fu_573/ap_sig_bdd_288          |                                                                                                                              |                3 |             14 |
|  clk_IBUF_BUFG    |                                                                                                                       | rst_IBUF                                                                                                                     |                5 |             15 |
|  clk_IBUF_BUFG    | my_controlller/grp_Compult_mpc_pso_fu_161/grp_Compult_pso_fu_348/grp_Compult_fitness_fu_588/ap_sig_bdd_230            |                                                                                                                              |                4 |             16 |
|  clk_IBUF_BUFG    | my_controlller/ap_sig_bdd_84                                                                                          | my_controlller/n_10_tmp_15_reg_1186[15]_i_1                                                                                  |                4 |             16 |
|  mytest/dclk_bufg | mytest/n_10_MEASURED_AUX1[15]_i_1                                                                                     |                                                                                                                              |                4 |             16 |
|  mytest/dclk_bufg | mytest/n_10_MEASURED_AUX2[15]_i_1                                                                                     |                                                                                                                              |                4 |             16 |
|  clk_IBUF_BUFG    | my_controlller/ap_sig_bdd_168                                                                                         | my_controlller/n_10_tmp_17_reg_1315[15]_i_1                                                                                  |                4 |             16 |
|  clk_IBUF_BUFG    | my_controlller/grp_Compult_mpc_pso_fu_161/grp_Compult_pso_fu_348/grp_Compult_randac_fu_600/E[0]                       |                                                                                                                              |                5 |             17 |
|  clk_IBUF_BUFG    | my_controlller/ap_sig_bdd_265                                                                                         |                                                                                                                              |                5 |             17 |
|  clk_IBUF_BUFG    | my_controlller/ap_sig_bdd_104                                                                                         |                                                                                                                              |                8 |             17 |
|  clk_IBUF_BUFG    | my_controlller/grp_Compult_mpc_pso_fu_161/grp_Compult_pso_fu_348/grp_Compult_randac_fu_600/O3[0]                      |                                                                                                                              |                3 |             17 |
|  clk_IBUF_BUFG    | my_controlller/grp_Compult_mpc_pso_fu_161/grp_Compult_pso_fu_348/ap_sig_bdd_368                                       |                                                                                                                              |                6 |             18 |
|  clk_IBUF_BUFG    | my_controlller/grp_Compult_mpc_pso_fu_161/ap_sig_bdd_127                                                              |                                                                                                                              |                3 |             19 |
|  clk_IBUF_BUFG    | my_controlller/grp_Compult_mpc_pso_fu_161/grp_Compult_pso_fu_348/grp_Compult_randac_fu_600/Q[0]                       |                                                                                                                              |                5 |             21 |
|  clk_IBUF_BUFG    | my_controlller/grp_Compult_mpc_pso_fu_161/grp_Compult_pso_fu_348/grp_Compult_fitness_1_fu_573/ap_sig_bdd_367          | my_controlller/grp_Compult_mpc_pso_fu_161/grp_Compult_pso_fu_348/grp_Compult_fitness_1_fu_573/n_10_min_0_V_reg_4358[25]_i_1  |                7 |             21 |
|  clk_IBUF_BUFG    | my_controlller/grp_Compult_mpc_pso_fu_161/grp_Compult_pso_fu_348/grp_Compult_randac_fu_600/ap_sig_bdd_74              |                                                                                                                              |                3 |             21 |
|  clk_IBUF_BUFG    | my_controlller/grp_Compult_mpc_pso_fu_161/grp_Compult_pso_fu_348/grp_Compult_randac_fu_600/ap_sig_bdd_61              |                                                                                                                              |                6 |             21 |
|  clk_IBUF_BUFG    | my_controlller/grp_Compult_mpc_pso_fu_161/grp_Compult_pso_fu_348/grp_Compult_fitness_fu_588/ap_sig_bdd_311            | my_controlller/grp_Compult_mpc_pso_fu_161/grp_Compult_pso_fu_348/grp_Compult_fitness_fu_588/n_10_min_0_V_reg_4223[25]_i_1    |                8 |             21 |
|  clk_IBUF_BUFG    | my_controlller/grp_Compult_mpc_pso_fu_161/ap_sig_bdd_153                                                              |                                                                                                                              |                5 |             22 |
|  clk_IBUF_BUFG    | my_controlller/grp_Compult_mpc_pso_fu_161/ce0                                                                         |                                                                                                                              |                4 |             22 |
|  clk_IBUF_BUFG    | my_controlller/grp_Compult_mpc_pso_fu_161/grp_Compult_pso_fu_348/grp_Compult_randac_fu_600/ap_sig_bdd_100             |                                                                                                                              |                8 |             22 |
|  clk_IBUF_BUFG    | my_controlller/grp_Compult_mpc_pso_fu_161/grp_Compult_pso_fu_348/grp_Compult_fitness_1_fu_573/ap_sig_bdd_323          | my_controlller/grp_Compult_mpc_pso_fu_161/grp_Compult_pso_fu_348/grp_Compult_fitness_1_fu_573/aa_1_V_reg_42940_in            |                6 |             23 |
|  clk_IBUF_BUFG    | my_controlller/grp_Compult_mpc_pso_fu_161/grp_Compult_pso_fu_348/grp_Compult_fitness_1_fu_573/ap_sig_bdd_323          | my_controlller/grp_Compult_mpc_pso_fu_161/grp_Compult_pso_fu_348/grp_Compult_fitness_1_fu_573/aa_0_V_reg_42890_in            |                7 |             23 |
|  clk_IBUF_BUFG    | my_controlller/grp_Compult_mpc_pso_fu_161/grp_Compult_pso_fu_348/ap_sig_bdd_354                                       |                                                                                                                              |                5 |             23 |
|  clk_IBUF_BUFG    | my_controlller/grp_Compult_mpc_pso_fu_161/grp_Compult_pso_fu_348/grp_Compult_fitness_1_fu_573/ap_sig_bdd_323          | my_controlller/grp_Compult_mpc_pso_fu_161/grp_Compult_pso_fu_348/grp_Compult_fitness_1_fu_573/aa_2_V_reg_42990_in            |                4 |             23 |
|  clk_IBUF_BUFG    | my_controlller/grp_Compult_mpc_pso_fu_161/grp_Compult_pso_fu_348/grp_Compult_fitness_fu_588/ap_sig_bdd_269            | my_controlller/grp_Compult_mpc_pso_fu_161/grp_Compult_pso_fu_348/grp_Compult_fitness_fu_588/n_10_aa_0_V_reg_4154[22]_i_1     |                7 |             23 |
|  clk_IBUF_BUFG    | my_controlller/grp_Compult_mpc_pso_fu_161/grp_Compult_pso_fu_348/grp_Compult_fitness_fu_588/ap_sig_bdd_269            | my_controlller/grp_Compult_mpc_pso_fu_161/grp_Compult_pso_fu_348/grp_Compult_fitness_fu_588/n_10_aa_1_V_reg_4159[22]_i_1     |                8 |             23 |
|  clk_IBUF_BUFG    | my_controlller/grp_Compult_mpc_pso_fu_161/grp_Compult_pso_fu_348/grp_Compult_fitness_fu_588/ap_sig_bdd_269            | my_controlller/grp_Compult_mpc_pso_fu_161/grp_Compult_pso_fu_348/grp_Compult_fitness_fu_588/n_10_aa_2_V_reg_4164[22]_i_1     |                7 |             23 |
|  clk_IBUF_BUFG    | my_controlller/grp_Compult_mpc_pso_fu_161/grp_Compult_pso_fu_348/grp_Compult_fitness_fu_588/ap_sig_bdd_269            | my_controlller/grp_Compult_mpc_pso_fu_161/grp_Compult_pso_fu_348/grp_Compult_fitness_fu_588/n_10_aa_3_V_reg_4169[22]_i_1     |                7 |             23 |
|  clk_IBUF_BUFG    | my_controlller/grp_Compult_mpc_pso_fu_161/grp_Compult_pso_fu_348/grp_Compult_fitness_1_fu_573/ap_sig_bdd_323          | my_controlller/grp_Compult_mpc_pso_fu_161/grp_Compult_pso_fu_348/grp_Compult_fitness_1_fu_573/aa_3_V_reg_43040_in            |                4 |             23 |
|  clk_IBUF_BUFG    | my_controlller/grp_Compult_mpc_pso_fu_161/SxDx_V_U/Compult_mpc_pso_SxDx_V_ram_U/SxDx_V_ce0                            |                                                                                                                              |                7 |             25 |
|  clk_IBUF_BUFG    | my_controlller/grp_Compult_mpc_pso_fu_161/SxDx_V_U/Compult_mpc_pso_SxDx_V_ram_U/n_10_ram_reg_0_15_0_0__0_i_1          |                                                                                                                              |                7 |             25 |
|  clk_IBUF_BUFG    | my_controlller/grp_Compult_mpc_pso_fu_161/SxDx_V_U/Compult_mpc_pso_SxDx_V_ram_U/n_10_ram_reg_0_15_0_0_i_2__1          |                                                                                                                              |                7 |             25 |
|  clk_IBUF_BUFG    | my_controlller/grp_Compult_mpc_pso_fu_161/ap_sig_bdd_182                                                              |                                                                                                                              |                8 |             26 |
|  clk_IBUF_BUFG    | my_controlller/grp_Compult_mpc_pso_fu_161/grp_Compult_pso_fu_348/O13                                                  | my_controlller/grp_Compult_mpc_pso_fu_161/grp_Compult_pso_fu_348/grp_Compult_fitness_1_fu_573/SR[0]                          |                9 |             26 |
|  clk_IBUF_BUFG    | my_controlller/grp_Compult_mpc_pso_fu_161/grp_Compult_pso_fu_348/n_10_ap_return_preg[26]_i_1__0                       | my_controlller/grp_Compult_mpc_pso_fu_161/grp_Compult_pso_fu_348/grp_Compult_fitness_1_fu_573/SR[0]                          |                8 |             27 |
|  clk_IBUF_BUFG    | my_controlller/grp_Compult_mpc_pso_fu_161/grp_Compult_pso_fu_348/grp_Compult_fitness_fu_588/ap_sig_bdd_328            | my_controlller/grp_Compult_mpc_pso_fu_161/grp_Compult_pso_fu_348/grp_Compult_fitness_fu_588/n_10_min_3_V_19_reg_4281[26]_i_1 |                9 |             27 |
|  clk_IBUF_BUFG    | my_controlller/grp_Compult_mpc_pso_fu_161/grp_Compult_pso_fu_348/grp_Compult_fitness_1_fu_573/ap_sig_bdd_384          | my_controlller/grp_Compult_mpc_pso_fu_161/grp_Compult_pso_fu_348/grp_Compult_fitness_1_fu_573/min_3_V_38_reg_4403            |                8 |             27 |
|  clk_IBUF_BUFG    | my_controlller/grp_Compult_mpc_pso_fu_161/grp_Compult_pso_fu_348/n_10_UU_V_0_s_reg_549[26]_i_2                        | my_controlller/grp_Compult_mpc_pso_fu_161/grp_Compult_pso_fu_348/n_10_UU_V_0_s_reg_549[26]_i_1                               |                7 |             27 |
|  clk_IBUF_BUFG    | my_controlller/grp_Compult_mpc_pso_fu_161/grp_Compult_pso_fu_348/grp_Compult_fitness_fu_588/ap_sig_bdd_328            | my_controlller/grp_Compult_mpc_pso_fu_161/grp_Compult_pso_fu_348/grp_Compult_fitness_fu_588/n_10_min_3_V_25_reg_4286[26]_i_1 |                9 |             27 |
|  clk_IBUF_BUFG    | my_controlller/grp_Compult_mpc_pso_fu_161/grp_Compult_pso_fu_348/grp_Compult_fitness_1_fu_573/ap_sig_bdd_384          | my_controlller/grp_Compult_mpc_pso_fu_161/grp_Compult_pso_fu_348/grp_Compult_fitness_1_fu_573/min_3_V_45_reg_4416            |               11 |             27 |
|  clk_IBUF_BUFG    | my_controlller/grp_Compult_mpc_pso_fu_161/grp_Compult_pso_fu_348/grp_Compult_fitness_fu_588/ap_sig_bdd_328            | my_controlller/grp_Compult_mpc_pso_fu_161/grp_Compult_pso_fu_348/grp_Compult_fitness_fu_588/n_10_min_3_V_4_reg_4268[26]_i_1  |                9 |             27 |
|  clk_IBUF_BUFG    | my_controlller/grp_Compult_mpc_pso_fu_161/grp_Compult_pso_fu_348/grp_Compult_fitness_1_fu_573/sel_tmp2_reg_43310      |                                                                                                                              |                8 |             27 |
|  clk_IBUF_BUFG    | my_controlller/grp_Compult_mpc_pso_fu_161/grp_Compult_pso_fu_348/grp_Compult_fitness_1_fu_573/ap_sig_bdd_384          | my_controlller/grp_Compult_mpc_pso_fu_161/grp_Compult_pso_fu_348/grp_Compult_fitness_1_fu_573/min_3_V_51_reg_4421            |                9 |             27 |
|  clk_IBUF_BUFG    | my_controlller/grp_Compult_mpc_pso_fu_161/grp_Compult_pso_fu_348/grp_Compult_fitness_fu_588/sel_tmp2_reg_41960        |                                                                                                                              |               10 |             27 |
|  clk_IBUF_BUFG    | my_controlller/grp_Compult_mpc_pso_fu_161/grp_Compult_pso_fu_348/grp_Compult_fitness_1_fu_573/ap_NS_fsm[7]            | my_controlller/grp_Compult_mpc_pso_fu_161/grp_Compult_pso_fu_348/grp_Compult_fitness_1_fu_573/n_10_p_Val2_33_reg_367[27]_i_1 |                5 |             28 |
|  clk_IBUF_BUFG    | my_controlller/grp_Compult_mpc_pso_fu_161/grp_Compult_pso_fu_348/grp_Compult_fitness_fu_588/n_10_ap_CS_fsm[6]_i_1     | my_controlller/grp_Compult_mpc_pso_fu_161/grp_Compult_pso_fu_348/grp_Compult_fitness_fu_588/n_10_p_Val2_3_73_reg_320[27]_i_1 |                6 |             28 |
|  clk_IBUF_BUFG    | my_controlller/grp_Compult_mpc_pso_fu_161/ap_sig_bdd_222                                                              |                                                                                                                              |                7 |             28 |
|  clk_IBUF_BUFG    | my_controlller/grp_Compult_mpc_pso_fu_161/n_10_G_V_0_s_reg_288[27]_i_1                                                |                                                                                                                              |                7 |             28 |
|  clk_IBUF_BUFG    | my_controlller/grp_Compult_mpc_pso_fu_161/n_10_G_V_1_s_reg_300[27]_i_1                                                |                                                                                                                              |                5 |             28 |
|  clk_IBUF_BUFG    | my_controlller/grp_Compult_mpc_pso_fu_161/grp_Compult_pso_fu_348/grp_Compult_fitness_1_fu_573/ap_sig_bdd_159          | my_controlller/grp_Compult_mpc_pso_fu_161/grp_Compult_pso_fu_348/grp_Compult_fitness_1_fu_573/this_assign_1_3_1_reg_39350_in |                4 |             29 |
|  clk_IBUF_BUFG    | my_controlller/grp_Compult_mpc_pso_fu_161/grp_Compult_pso_fu_348/grp_Compult_fitness_1_fu_573/ap_sig_bdd_159          | my_controlller/grp_Compult_mpc_pso_fu_161/grp_Compult_pso_fu_348/grp_Compult_fitness_1_fu_573/this_assign_1_2_reg_39300_in   |                5 |             29 |
|  clk_IBUF_BUFG    | my_controlller/grp_Compult_mpc_pso_fu_161/ap_sig_bdd_231                                                              |                                                                                                                              |                8 |             29 |
|  clk_IBUF_BUFG    | my_controlller/grp_Compult_mpc_pso_fu_161/grp_Compult_pso_fu_348/grp_Compult_fitness_1_fu_573/n_10_reg_472[28]_i_1    |                                                                                                                              |                7 |             29 |
|  clk_IBUF_BUFG    | my_controlller/grp_Compult_mpc_pso_fu_161/grp_Compult_pso_fu_348/n_10_pg_1_V_fu_198[28]_i_1                           |                                                                                                                              |               11 |             29 |
|  clk_IBUF_BUFG    | my_controlller/grp_Compult_mpc_pso_fu_161/grp_Compult_pso_fu_348/n_10_pg_1_V_15_fu_214[28]_i_1                        |                                                                                                                              |               11 |             29 |
|  clk_IBUF_BUFG    | my_controlller/grp_Compult_mpc_pso_fu_161/grp_Compult_pso_fu_348/n_10_pg_1_V_3_fu_202[28]_i_1                         |                                                                                                                              |               10 |             29 |
|  clk_IBUF_BUFG    | my_controlller/grp_Compult_mpc_pso_fu_161/grp_Compult_pso_fu_348/n_10_pg_1_V_16_fu_218[28]_i_1                        |                                                                                                                              |                8 |             29 |
|  clk_IBUF_BUFG    | my_controlller/grp_Compult_mpc_pso_fu_161/grp_Compult_pso_fu_348/n_10_pg_1_V_12_fu_210[28]_i_1                        |                                                                                                                              |               13 |             29 |
|  clk_IBUF_BUFG    | my_controlller/grp_Compult_mpc_pso_fu_161/grp_Compult_pso_fu_348/grp_Compult_fitness_1_fu_573/ap_NS_fsm[46]           |                                                                                                                              |                6 |             29 |
|  clk_IBUF_BUFG    | my_controlller/grp_Compult_mpc_pso_fu_161/grp_Compult_pso_fu_348/n_10_pg_1_V_11_fu_206[28]_i_1                        |                                                                                                                              |               13 |             29 |
|  clk_IBUF_BUFG    | my_controlller/grp_Compult_mpc_pso_fu_161/ap_sig_bdd_105                                                              |                                                                                                                              |                5 |             29 |
|  clk_IBUF_BUFG    | my_controlller/grp_Compult_mpc_pso_fu_161/grp_Compult_pso_fu_348/ap_sig_bdd_556                                       |                                                                                                                              |               13 |             30 |
|  clk_IBUF_BUFG    | my_controlller/grp_Compult_mpc_pso_fu_161/grp_Compult_pso_fu_348/ap_sig_bdd_530                                       |                                                                                                                              |                8 |             30 |
|  clk_IBUF_BUFG    | my_controlller/grp_Compult_mpc_pso_fu_161/grp_Compult_pso_fu_348/ap_NS_fsm_1[60]                                      |                                                                                                                              |                8 |             30 |
|  clk_IBUF_BUFG    | my_controlller/ap_sig_bdd_215                                                                                         |                                                                                                                              |                5 |             30 |
|  clk_IBUF_BUFG    | my_controlller/ap_sig_bdd_183                                                                                         | my_controlller/n_10_dx2_V_reg_1325[29]_i_1                                                                                   |                5 |             30 |
|  clk_IBUF_BUFG    | my_controlller/grp_Compult_mpc_pso_fu_161/grp_Compult_pso_fu_348/grp_Compult_fitness_fu_588/ap_NS_fsm[21]             |                                                                                                                              |               12 |             31 |
|  clk_IBUF_BUFG    | my_controlller/grp_Compult_mpc_pso_fu_161/grp_Compult_pso_fu_348/grp_Compult_fitness_1_fu_573/ap_NS_fsm[33]           | my_controlller/grp_Compult_mpc_pso_fu_161/grp_Compult_pso_fu_348/grp_Compult_fitness_1_fu_573/n_10_xH_V_1_reg_413[30]_i_1    |                7 |             31 |
|  clk_IBUF_BUFG    | my_controlller/grp_Compult_mpc_pso_fu_161/grp_Compult_pso_fu_348/grp_Compult_fitness_1_fu_573/ap_sig_bdd_792          | my_controlller/grp_Compult_mpc_pso_fu_161/grp_Compult_pso_fu_348/grp_Compult_fitness_1_fu_573/Gx_V_reg_49740_in              |               10 |             31 |
|  clk_IBUF_BUFG    | my_controlller/grp_Compult_mpc_pso_fu_161/ap_sig_bdd_307                                                              |                                                                                                                              |                9 |             31 |
|  clk_IBUF_BUFG    | my_controlller/grp_Compult_mpc_pso_fu_161/grp_Compult_pso_fu_348/grp_Compult_fitness_1_fu_573/ap_sig_bdd_109          |                                                                                                                              |               12 |             31 |
|  clk_IBUF_BUFG    | my_controlller/grp_Compult_mpc_pso_fu_161/grp_Compult_pso_fu_348/grp_Compult_fitness_fu_588/reg_6370                  | my_controlller/grp_Compult_mpc_pso_fu_161/grp_Compult_pso_fu_348/grp_Compult_fitness_fu_588/O3                               |                6 |             31 |
|  clk_IBUF_BUFG    | my_controlller/grp_Compult_mpc_pso_fu_161/grp_Compult_pso_fu_348/ap_sig_bdd_569                                       |                                                                                                                              |                9 |             31 |
|  clk_IBUF_BUFG    | my_controlller/grp_Compult_mpc_pso_fu_161/grp_Compult_pso_fu_348/grp_Compult_fitness_fu_588/reg_6320                  | my_controlller/grp_Compult_mpc_pso_fu_161/grp_Compult_pso_fu_348/grp_Compult_fitness_1_fu_573/O3                             |                7 |             31 |
|  clk_IBUF_BUFG    | my_controlller/grp_Compult_mpc_pso_fu_161/grp_Compult_pso_fu_348/grp_Compult_fitness_fu_588/ap_sig_bdd_728            | my_controlller/grp_Compult_mpc_pso_fu_161/grp_Compult_pso_fu_348/grp_Compult_fitness_fu_588/n_10_Gx_V_reg_4820[30]_i_1       |                9 |             31 |
|  clk_IBUF_BUFG    | my_controlller/grp_Compult_mpc_pso_fu_161/Ep_V_U/Compult_mpc_pso_Ep_V_ram_U/Ep_V_ce0                                  |                                                                                                                              |               11 |             31 |
|  clk_IBUF_BUFG    | my_controlller/grp_Compult_mpc_pso_fu_161/Ep_V_U/Compult_mpc_pso_Ep_V_ram_U/n_10_ram_reg_0_15_0_0_i_2__0              |                                                                                                                              |                8 |             31 |
|  clk_IBUF_BUFG    | my_controlller/grp_Compult_mpc_pso_fu_161/grp_Compult_pso_fu_348/grp_Compult_fitness_fu_588/n_10_ap_CS_fsm[31]_i_1__0 | my_controlller/grp_Compult_mpc_pso_fu_161/grp_Compult_pso_fu_348/grp_Compult_fitness_fu_588/n_10_xH_V_1_reg_366[30]_i_1      |                6 |             31 |
|  clk_IBUF_BUFG    | my_controlller/grp_Compult_mpc_pso_fu_161/grp_Compult_pso_fu_348/ap_NS_fsm[1]                                         |                                                                                                                              |                9 |             31 |
|  clk_IBUF_BUFG    | my_controlller/grp_Compult_mpc_pso_fu_161/grp_Compult_pso_fu_348/grp_Compult_fitness_fu_588/n_10_ap_CS_fsm[20]_i_1__0 | my_controlller/grp_Compult_mpc_pso_fu_161/grp_Compult_pso_fu_348/grp_Compult_fitness_fu_588/n_10_xH_V_reg_343[30]_i_1        |                7 |             31 |
|  clk_IBUF_BUFG    | my_controlller/grp_Compult_mpc_pso_fu_161/grp_Compult_pso_fu_348/ap_sig_bdd_584                                       |                                                                                                                              |                9 |             31 |
|  clk_IBUF_BUFG    | my_controlller/grp_Compult_mpc_pso_fu_161/Ep_V_U/Compult_mpc_pso_Ep_V_ram_U/n_10_ram_reg_0_15_0_0__0_i_1__0           |                                                                                                                              |                8 |             31 |
|  clk_IBUF_BUFG    | my_controlller/grp_Compult_mpc_pso_fu_161/grp_Compult_pso_fu_348/grp_Compult_fitness_1_fu_573/ap_NS_fsm[21]           | my_controlller/grp_Compult_mpc_pso_fu_161/grp_Compult_pso_fu_348/grp_Compult_fitness_1_fu_573/n_10_xH_V_reg_390[30]_i_1      |                6 |             31 |
|  clk_IBUF_BUFG    | my_controlller/grp_Compult_mpc_pso_fu_161/grp_Compult_pso_fu_348/grp_Compult_fitness_fu_588/ap_NS_fsm[32]             |                                                                                                                              |               11 |             31 |
|  clk_IBUF_BUFG    | my_controlller/grp_Compult_mpc_pso_fu_161/grp_Compult_pso_fu_348/grp_Compult_fitness_fu_588/ap_sig_bdd_401            |                                                                                                                              |               10 |             32 |
|  clk_IBUF_BUFG    | my_controlller/grp_Compult_mpc_pso_fu_161/grp_Compult_pso_fu_348/grp_Compult_fitness_1_fu_573/ap_sig_bdd_457          |                                                                                                                              |                9 |             32 |
|  clk_IBUF_BUFG    | my_controlller/grp_Compult_mpc_pso_fu_161/grp_Compult_pso_fu_348/p_V_U/O1                                             |                                                                                                                              |                8 |             32 |
|  clk_IBUF_BUFG    | my_controlller/grp_Compult_mpc_pso_fu_161/grp_Compult_pso_fu_348/grp_Compult_fitness_fu_588/n_10_ap_CS_fsm[42]_i_1    | my_controlller/grp_Compult_mpc_pso_fu_161/grp_Compult_pso_fu_348/grp_Compult_fitness_fu_588/n_10_p_Val2_8_reg_401[31]_i_1    |                6 |             32 |
|  clk_IBUF_BUFG    | my_controlller/grp_Compult_mpc_pso_fu_161/grp_Compult_pso_fu_348/grp_Compult_fitness_1_fu_573/O15                     |                                                                                                                              |                8 |             32 |
|  clk_IBUF_BUFG    | my_controlller/grp_Compult_mpc_pso_fu_161/i_1_reg_2770                                                                |                                                                                                                              |               12 |             32 |
|  clk_IBUF_BUFG    | my_controlller/grp_Compult_mpc_pso_fu_161/grp_Compult_pso_fu_348/grp_Compult_fitness_1_fu_573/ap_sig_bdd_436          |                                                                                                                              |               11 |             32 |
|  clk_IBUF_BUFG    | my_controlller/grp_Compult_mpc_pso_fu_161/ap_sig_bdd_255                                                              |                                                                                                                              |                9 |             32 |
|  clk_IBUF_BUFG    | my_controlller/grp_Compult_mpc_pso_fu_161/grp_Compult_pso_fu_348/grp_Compult_fitness_1_fu_573/ap_NS_fsm[45]           | my_controlller/grp_Compult_mpc_pso_fu_161/grp_Compult_pso_fu_348/grp_Compult_fitness_1_fu_573/n_10_p_Val2_18_reg_448[31]_i_1 |                6 |             32 |
|  clk_IBUF_BUFG    | my_controlller/grp_Compult_mpc_pso_fu_161/grp_Compult_pso_fu_348/grp_Compult_fitness_1_fu_573/E[0]                    |                                                                                                                              |               10 |             32 |
|  clk_IBUF_BUFG    | my_controlller/grp_Compult_mpc_pso_fu_161/grp_Compult_pso_fu_348/grp_Compult_fitness_fu_588/ap_sig_bdd_380            |                                                                                                                              |               11 |             32 |
|  clk_IBUF_BUFG    | my_controlller/ap_sig_bdd_157                                                                                         | my_controlller/n_10_p_Val2_15_reg_1290[31]_i_1                                                                               |                6 |             32 |
|  clk_IBUF_BUFG    | my_controlller/grp_Compult_mpc_pso_fu_161/grp_Compult_pso_fu_348/grp_Compult_fitness_1_fu_573/ap_sig_bdd_551          |                                                                                                                              |                9 |             33 |
|  clk_IBUF_BUFG    | my_controlller/grp_Compult_mpc_pso_fu_161/grp_Compult_pso_fu_348/ap_sig_bdd_505                                       |                                                                                                                              |               11 |             33 |
|  clk_IBUF_BUFG    | my_controlller/ap_sig_bdd_93                                                                                          |                                                                                                                              |                7 |             33 |
|  clk_IBUF_BUFG    | my_controlller/grp_Compult_mpc_pso_fu_161/grp_Compult_pso_fu_348/grp_Compult_fitness_1_fu_573/ap_sig_bdd_641          |                                                                                                                              |                9 |             33 |
|  clk_IBUF_BUFG    | my_controlller/grp_Compult_mpc_pso_fu_161/grp_Compult_pso_fu_348/grp_Compult_fitness_1_fu_573/ap_sig_bdd_807          | my_controlller/grp_Compult_mpc_pso_fu_161/grp_Compult_pso_fu_348/grp_Compult_fitness_1_fu_573/n_10_i_2_reg_460[1]_i_1        |               11 |             33 |
|  clk_IBUF_BUFG    | my_controlller/grp_Compult_mpc_pso_fu_161/grp_Compult_pso_fu_348/grp_Compult_fitness_fu_588/ap_sig_bdd_493            |                                                                                                                              |                9 |             33 |
|  clk_IBUF_BUFG    | my_controlller/ap_sig_bdd_183                                                                                         |                                                                                                                              |               17 |             33 |
|  clk_IBUF_BUFG    | my_controlller/grp_Compult_mpc_pso_fu_161/grp_Compult_pso_fu_348/grp_Compult_fitness_fu_588/ap_sig_bdd_581            |                                                                                                                              |                9 |             33 |
|  clk_IBUF_BUFG    | my_controlller/grp_Compult_mpc_pso_fu_161/grp_Compult_pso_fu_348/grp_Compult_fitness_fu_588/ap_sig_bdd_743            | my_controlller/grp_Compult_mpc_pso_fu_161/grp_Compult_pso_fu_348/grp_Compult_fitness_fu_588/i_2_reg_4130                     |                9 |             33 |
|  clk_IBUF_BUFG    | my_controlller/grp_Compult_mpc_pso_fu_161/grp_Compult_pso_fu_348/grp_Compult_fitness_1_fu_573/ap_sig_bdd_626          |                                                                                                                              |               10 |             34 |
|  clk_IBUF_BUFG    | my_controlller/grp_Compult_mpc_pso_fu_161/grp_Compult_pso_fu_348/grp_Compult_fitness_fu_588/ap_sig_bdd_566            |                                                                                                                              |               10 |             34 |
|  clk_IBUF_BUFG    | my_controlller/grp_Compult_mpc_pso_fu_161/grp_Compult_pso_fu_348/grp_Compult_fitness_1_fu_573/ap_sig_bdd_536          |                                                                                                                              |               10 |             34 |
|  clk_IBUF_BUFG    | my_controlller/grp_Compult_mpc_pso_fu_161/grp_Compult_pso_fu_348/grp_Compult_fitness_fu_588/ap_sig_bdd_478            |                                                                                                                              |               10 |             34 |
|  clk_IBUF_BUFG    | my_controlller/grp_Compult_mpc_pso_fu_161/grp_Compult_pso_fu_348/grp_Compult_fitness_fu_588/ap_sig_bdd_789            |                                                                                                                              |               10 |             35 |
|  clk_IBUF_BUFG    | my_controlller/ap_NS_fsm[1]                                                                                           |                                                                                                                              |               14 |             35 |
|  clk_IBUF_BUFG    | my_controlller/grp_Compult_mpc_pso_fu_161/grp_Compult_pso_fu_348/grp_Compult_fitness_1_fu_573/ap_sig_bdd_853          |                                                                                                                              |                9 |             35 |
|  clk_IBUF_BUFG    | my_controlller/grp_Compult_mpc_pso_fu_161/ap_NS_fsm_0[19]                                                             | my_controlller/grp_Compult_mpc_pso_fu_161/n_10_p_Val2_2_reg_324[35]_i_1                                                      |                6 |             36 |
|  clk_IBUF_BUFG    | my_controlller/grp_Compult_mpc_pso_fu_161/grp_Compult_pso_fu_348/grp_Compult_randac_fu_600/ap_sig_bdd_46              |                                                                                                                              |                9 |             38 |
|  clk_IBUF_BUFG    | my_controlller/ap_sig_bdd_134                                                                                         |                                                                                                                              |               12 |             38 |
|  clk_IBUF_BUFG    | my_controlller/grp_Compult_mpc_pso_fu_161/ap_sig_bdd_342                                                              |                                                                                                                              |               13 |             39 |
|  clk_IBUF_BUFG    | my_controlller/grp_Compult_mpc_pso_fu_161/ap_sig_bdd_363                                                              |                                                                                                                              |               10 |             39 |
|  clk_IBUF_BUFG    | my_controlller/ap_sig_bdd_115                                                                                         |                                                                                                                              |               12 |             40 |
|  clk_IBUF_BUFG    | my_controlller/grp_Compult_mpc_pso_fu_161/grp_Compult_pso_fu_348/ap_sig_bdd_228                                       |                                                                                                                              |               12 |             40 |
|  clk_IBUF_BUFG    | my_controlller/grp_Compult_mpc_pso_fu_161/grp_Compult_pso_fu_348/grp_Compult_fitness_1_fu_573/ap_sig_bdd_816          |                                                                                                                              |               13 |             44 |
|  clk_IBUF_BUFG    | my_controlller/grp_Compult_mpc_pso_fu_161/grp_Compult_pso_fu_348/grp_Compult_fitness_fu_588/ap_sig_bdd_752            |                                                                                                                              |               15 |             44 |
|  clk_IBUF_BUFG    | my_controlller/grp_Compult_mpc_pso_fu_161/grp_Compult_pso_fu_348/grp_Compult_fitness_fu_588/ap_sig_bdd_761            |                                                                                                                              |               12 |             46 |
|  clk_IBUF_BUFG    | my_controlller/grp_Compult_mpc_pso_fu_161/grp_Compult_pso_fu_348/grp_Compult_fitness_1_fu_573/ap_sig_bdd_825          |                                                                                                                              |               11 |             46 |
|  clk_IBUF_BUFG    | my_controlller/grp_Compult_mpc_pso_fu_161/grp_Compult_pso_fu_348/grp_Compult_fitness_1_fu_573/ap_sig_bdd_423          |                                                                                                                              |               14 |             54 |
|  clk_IBUF_BUFG    | my_controlller/grp_Compult_mpc_pso_fu_161/grp_Compult_pso_fu_348/grp_Compult_fitness_fu_588/ap_sig_bdd_367            |                                                                                                                              |               17 |             54 |
|  clk_IBUF_BUFG    | my_controlller/ap_sig_bdd_233                                                                                         |                                                                                                                              |               15 |             55 |
|  clk_IBUF_BUFG    | my_controlller/grp_Compult_mpc_pso_fu_161/grp_Compult_pso_fu_348/ap_sig_bdd_304                                       |                                                                                                                              |               16 |             58 |
|  clk_IBUF_BUFG    | my_controlller/grp_Compult_mpc_pso_fu_161/grp_Compult_pso_fu_348/grp_Compult_fitness_1_fu_573/ap_sig_bdd_159          |                                                                                                                              |               16 |             60 |
|  clk_IBUF_BUFG    | my_controlller/grp_Compult_mpc_pso_fu_161/grp_Compult_pso_fu_348/grp_Compult_fitness_1_fu_573/ap_sig_bdd_131          |                                                                                                                              |               14 |             61 |
|  clk_IBUF_BUFG    | my_controlller/grp_Compult_mpc_pso_fu_161/grp_Compult_pso_fu_348/grp_Compult_fitness_fu_588/ap_sig_bdd_113            |                                                                                                                              |               16 |             62 |
|  clk_IBUF_BUFG    | my_controlller/ap_sig_bdd_168                                                                                         |                                                                                                                              |                9 |             64 |
|  clk_IBUF_BUFG    | my_controlller/grp_Compult_mpc_pso_fu_161/ap_sig_bdd_329                                                              |                                                                                                                              |               19 |             65 |
|  clk_IBUF_BUFG    | my_controlller/grp_Compult_mpc_pso_fu_161/grp_Compult_pso_fu_348/grp_Compult_fitness_1_fu_573/ap_sig_bdd_736          |                                                                                                                              |               21 |             68 |
|  clk_IBUF_BUFG    | my_controlller/grp_Compult_mpc_pso_fu_161/grp_Compult_pso_fu_348/grp_Compult_fitness_fu_588/ap_sig_bdd_672            |                                                                                                                              |               21 |             68 |
|  clk_IBUF_BUFG    | my_controlller/grp_Compult_mpc_pso_fu_161/grp_Compult_pso_fu_348/ap_sig_bdd_496                                       |                                                                                                                              |               18 |             68 |
|  clk_IBUF_BUFG    | my_controlller/grp_Compult_mpc_pso_fu_161/grp_Compult_pso_fu_348/grp_Compult_fitness_1_fu_573/ap_sig_bdd_765          |                                                                                                                              |               18 |             69 |
|  clk_IBUF_BUFG    | my_controlller/grp_Compult_mpc_pso_fu_161/grp_Compult_pso_fu_348/grp_Compult_fitness_fu_588/ap_sig_bdd_701            |                                                                                                                              |               18 |             69 |
|  clk_IBUF_BUFG    | my_controlller/grp_Compult_mpc_pso_fu_161/grp_Compult_pso_fu_348/grp_Compult_fitness_fu_588/ap_sig_bdd_553            |                                                                                                                              |               16 |             75 |
|  clk_IBUF_BUFG    | my_controlller/grp_Compult_mpc_pso_fu_161/grp_Compult_pso_fu_348/grp_Compult_fitness_fu_588/ap_sig_bdd_465            |                                                                                                                              |               23 |             75 |
|  clk_IBUF_BUFG    | my_controlller/grp_Compult_mpc_pso_fu_161/grp_Compult_pso_fu_348/grp_Compult_fitness_1_fu_573/ap_sig_bdd_613          |                                                                                                                              |               18 |             75 |
|  clk_IBUF_BUFG    | my_controlller/grp_Compult_mpc_pso_fu_161/grp_Compult_pso_fu_348/grp_Compult_fitness_1_fu_573/ap_sig_bdd_523          |                                                                                                                              |               21 |             75 |
|  clk_IBUF_BUFG    | my_controlller/grp_Compult_mpc_pso_fu_161/grp_Compult_pso_fu_348/ap_sig_bdd_408                                       |                                                                                                                              |               30 |             85 |
|  clk_IBUF_BUFG    | my_controlller/grp_Compult_mpc_pso_fu_161/grp_Compult_pso_fu_348/ap_sig_bdd_441                                       |                                                                                                                              |               25 |             89 |
|  clk_IBUF_BUFG    | my_controlller/grp_Compult_mpc_pso_fu_161/grp_Compult_pso_fu_348/grp_Compult_fitness_fu_588/ap_NS_fsm[43]             |                                                                                                                              |               25 |             90 |
|  clk_IBUF_BUFG    | my_controlller/grp_Compult_mpc_pso_fu_161/grp_Compult_pso_fu_348/grp_Compult_fitness_fu_588/ap_sig_bdd_207            |                                                                                                                              |               24 |             92 |
|  clk_IBUF_BUFG    | my_controlller/grp_Compult_mpc_pso_fu_161/grp_Compult_pso_fu_348/grp_Compult_fitness_1_fu_573/ap_sig_bdd_249          |                                                                                                                              |               25 |             96 |
|  clk_IBUF_BUFG    | my_controlller/grp_Compult_mpc_pso_fu_161/i_reg_2660                                                                  |                                                                                                                              |               26 |            108 |
|  clk_IBUF_BUFG    | my_controlller/grp_Compult_mpc_pso_fu_161/ap_sig_bdd_171                                                              |                                                                                                                              |               23 |            113 |
|  clk_IBUF_BUFG    | my_controlller/grp_Compult_mpc_pso_fu_161/grp_Compult_pso_fu_348/grp_Compult_fitness_fu_588/ap_sig_bdd_653            |                                                                                                                              |               35 |            117 |
|  clk_IBUF_BUFG    | my_controlller/grp_Compult_mpc_pso_fu_161/grp_Compult_pso_fu_348/grp_Compult_fitness_1_fu_573/ap_sig_bdd_717          |                                                                                                                              |               26 |            117 |
|  clk_IBUF_BUFG    | my_controlller/grp_Compult_mpc_pso_fu_161/grp_Compult_pso_fu_348/grp_Compult_fitness_1_fu_573/ap_sig_bdd_182          |                                                                                                                              |               32 |            118 |
|  clk_IBUF_BUFG    | my_controlller/grp_Compult_mpc_pso_fu_161/grp_Compult_pso_fu_348/grp_Compult_fitness_fu_588/ap_sig_bdd_136            |                                                                                                                              |               32 |            128 |
|  clk_IBUF_BUFG    | my_controlller/grp_Compult_mpc_pso_fu_161/grp_Compult_pso_fu_348/grp_Compult_fitness_1_fu_573/ap_sig_bdd_405          |                                                                                                                              |               45 |            135 |
|  clk_IBUF_BUFG    | my_controlller/grp_Compult_mpc_pso_fu_161/grp_Compult_pso_fu_348/grp_Compult_fitness_fu_588/ap_sig_bdd_349            |                                                                                                                              |               48 |            135 |
|  clk_IBUF_BUFG    | my_controlller/grp_Compult_mpc_pso_fu_161/grp_Compult_pso_fu_348/ap_sig_bdd_483                                       |                                                                                                                              |               32 |            184 |
|  clk_IBUF_BUFG    |                                                                                                                       | my_controlller/grp_Compult_mpc_pso_fu_161/grp_Compult_pso_fu_348/grp_Compult_fitness_1_fu_573/SR[0]                          |              118 |            206 |
|  clk_IBUF_BUFG    |                                                                                                                       |                                                                                                                              |              481 |           1894 |
+-------------------+-----------------------------------------------------------------------------------------------------------------------+------------------------------------------------------------------------------------------------------------------------------+------------------+----------------+


