

================================================================
== Vivado HLS Report for 'Compult_pso'
================================================================
* Date:           Fri Jun 19 21:51:30 2015

* Version:        2014.4 (Build 1071461 on Tue Nov 18 16:42:57 PM 2014)
* Project:        mpc_pso
* Solution:       solution1
* Product family: zynq
* Target device:  xc7z010clg400-1


================================================================
== Performance Estimates
================================================================
+ Timing (ns): 
    * Summary: 
    +---------+-------+----------+------------+
    |  Clock  | Target| Estimated| Uncertainty|
    +---------+-------+----------+------------+
    |default  |   8.00|      6.88|        1.00|
    +---------+-------+----------+------------+

+ Latency (clock cycles): 
    * Summary: 
    +--------+--------+--------+--------+---------+
    |     Latency     |     Interval    | Pipeline|
    |   min  |   max  |   min  |   max  |   Type  |
    +--------+--------+--------+--------+---------+
    |  147328|  150604|  147328|  150604|   none  |
    +--------+--------+--------+--------+---------+

    + Detail: 
        * Instance: 
        +------------------------------+-------------------+-----+-----+-----+-----+---------+
        |                              |                   |  Latency  |  Interval | Pipeline|
        |           Instance           |       Module      | min | max | min | max |   Type  |
        +------------------------------+-------------------+-----+-----+-----+-----+---------+
        |grp_Compult_fitness_1_fu_573  |Compult_fitness_1  |  144|  144|  144|  144|   none  |
        |grp_Compult_fitness_fu_588    |Compult_fitness    |  137|  137|  137|  137|   none  |
        |grp_Compult_randac_fu_600     |Compult_randac     |    7|    7|    7|    7|   none  |
        +------------------------------+-------------------+-----+-----+-----+-----+---------+

        * Loop: 
        +------------------+--------+--------+-------------+-----------+-----------+------+----------+
        |                  |     Latency     |  Iteration  |  Initiation Interval  | Trip |          |
        |     Loop Name    |   min  |   max  |   Latency   |  achieved |   target  | Count| Pipelined|
        +------------------+--------+--------+-------------+-----------+-----------+------+----------+
        |- pso_label8      |     600|     600|           30|          -|          -|    20|    no    |
        | + pso_label9     |      28|      28|           14|          -|          -|     2|    no    |
        |- pso_label2      |    3040|    3040|          152|          -|          -|    20|    no    |
        | + pso_label7     |       4|       4|            2|          -|          -|     2|    no    |
        |- pso_label6      |       4|       4|            2|          -|          -|     2|    no    |
        |- pso_label1      |    2812|    2888|  148 ~ 152  |          -|          -|    19|    no    |
        | + pso_label11    |       4|       4|            2|          -|          -|     2|    no    |
        |- Loop 5          |  140860|  144060| 7043 ~ 7203 |          -|          -|    20|    no    |
        | + Loop 5.1       |    7040|    7200|  352 ~ 360  |          -|          -|    20|    no    |
        |  ++ pso_label13  |      34|      34|           17|          -|          -|     2|    no    |
        |  ++ pso_label16  |       8|       8|            4|          -|          -|     2|    no    |
        |  ++ pso_label15  |       4|       4|            2|          -|          -|     2|    no    |
        |  ++ pso_label14  |       4|       4|            2|          -|          -|     2|    no    |
        |- pso_label10     |       6|       6|            3|          -|          -|     2|    no    |
        +------------------+--------+--------+-------------+-----------+-----------+------+----------+



================================================================
== Utilization Estimates
================================================================
* Summary: 
+-----------------+---------+-------+-------+-------+
|       Name      | BRAM_18K| DSP48E|   FF  |  LUT  |
+-----------------+---------+-------+-------+-------+
|Expression       |        -|      -|      0|   1344|
|FIFO             |        -|      -|      -|      -|
|Instance         |        -|     62|   4499|   8602|
|Memory           |        4|      -|     82|     16|
|Multiplexer      |        -|      -|      -|    479|
|Register         |        -|      -|   1391|      -|
+-----------------+---------+-------+-------+-------+
|Total            |        4|     62|   5972|  10441|
+-----------------+---------+-------+-------+-------+
|Available        |      120|     80|  35200|  17600|
+-----------------+---------+-------+-------+-------+
|Utilization (%)  |        3|     77|     16|     59|
+-----------------+---------+-------+-------+-------+

+ Detail: 
    * Instance: 
    +-------------------------------+---------------------------+---------+-------+------+------+
    |            Instance           |           Module          | BRAM_18K| DSP48E|  FF  |  LUT |
    +-------------------------------+---------------------------+---------+-------+------+------+
    |grp_Compult_fitness_fu_588     |Compult_fitness            |        0|     22|  2102|  4043|
    |grp_Compult_fitness_1_fu_573   |Compult_fitness_1          |        0|     22|  2168|  4044|
    |Compult_mul_20s_20ns_40_3_U30  |Compult_mul_20s_20ns_40_3  |        0|      2|     0|     0|
    |Compult_mul_20s_20ns_40_3_U31  |Compult_mul_20s_20ns_40_3  |        0|      2|     0|     0|
    |Compult_mul_20s_21ns_41_3_U29  |Compult_mul_20s_21ns_41_3  |        0|      2|     0|     0|
    |Compult_mul_30s_18ns_48_3_U34  |Compult_mul_30s_18ns_48_3  |        0|      2|     0|     0|
    |Compult_mul_40s_30s_68_6_U32   |Compult_mul_40s_30s_68_6   |        0|      4|     0|     0|
    |Compult_mul_40s_30s_68_6_U33   |Compult_mul_40s_30s_68_6   |        0|      4|     0|     0|
    |grp_Compult_randac_fu_600      |Compult_randac             |        0|      2|   229|   515|
    +-------------------------------+---------------------------+---------+-------+------+------+
    |Total                          |                           |        0|     62|  4499|  8602|
    +-------------------------------+---------------------------+---------+-------+------+------+

    * Memory: 
    +-------+-----------------+---------+----+----+------+-----+------+-------------+
    | Memory|      Module     | BRAM_18K| FF | LUT| Words| Bits| Banks| W*Bits*Banks|
    +-------+-----------------+---------+----+----+------+-----+------+-------------+
    |p_V_U  |Compult_pso_p_V  |        0|  64|  10|    20|   32|     1|          640|
    |v_V_U  |Compult_pso_v_V  |        1|   0|   0|    40|   30|     1|         1200|
    |ww_U   |Compult_pso_ww   |        0|  18|   6|    20|   18|     1|          360|
    |x_V_U  |Compult_pso_x_V  |        2|   0|   0|    40|   29|     1|         1160|
    |y_V_U  |Compult_pso_y_V  |        1|   0|   0|    40|   29|     1|         1160|
    +-------+-----------------+---------+----+----+------+-----+------+-------------+
    |Total  |                 |        4|  82|  16|   160|  138|     5|         4520|
    +-------+-----------------+---------+----+----+------+-----+------+-------------+

    * FIFO: 
    N/A

    * Expression: 
    +----------------------------------+----------+-------+---+----+------------+------------+
    |           Variable Name          | Operation| DSP48E| FF| LUT| Bitwidth P0| Bitwidth P1|
    +----------------------------------+----------+-------+---+----+------------+------------+
    |i_6_fu_773_p2                     |     +    |      0|  0|   5|           5|           1|
    |i_7_fu_936_p2                     |     +    |      0|  0|   5|           5|           1|
    |i_8_fu_1739_p2                    |     +    |      0|  0|   2|           2|           1|
    |i_9_fu_997_p2                     |     +    |      0|  0|   5|           5|           1|
    |i_fu_647_p2                       |     +    |      0|  0|   5|           5|           1|
    |j_2_fu_828_p2                     |     +    |      0|  0|   2|           2|           1|
    |j_3_fu_675_p2                     |     +    |      0|  0|   2|           2|           1|
    |j_4_fu_916_p2                     |     +    |      0|  0|   2|           2|           1|
    |j_5_fu_1657_p2                    |     +    |      0|  0|   2|           2|           1|
    |j_6_fu_1689_p2                    |     +    |      0|  0|   2|           2|           1|
    |j_7_fu_1052_p2                    |     +    |      0|  0|   2|           2|           1|
    |j_fu_801_p2                       |     +    |      0|  0|   2|           2|           1|
    |k_fu_1613_p2                      |     +    |      0|  0|   2|           2|           1|
    |p_Val2_35_fu_747_p2               |     +    |      0|  0|  19|          19|          19|
    |p_Val2_38_fu_1805_p2              |     +    |      0|  0|  27|          27|          27|
    |p_Val2_42_fu_1140_p2              |     +    |      0|  0|  68|          68|          68|
    |p_Val2_43_fu_1151_p2              |     +    |      0|  0|  69|          69|          69|
    |p_Val2_45_fu_1280_p2              |     +    |      0|  0|  30|          30|          30|
    |p_Val2_47_fu_1426_p2              |     +    |      0|  0|  32|          32|          32|
    |p_Val2_49_fu_1479_p2              |     +    |      0|  0|  29|          29|          29|
    |p_addr1_fu_1663_p2                |     +    |      0|  0|   7|           7|           7|
    |p_addr2_fu_1695_p2                |     +    |      0|  0|   7|           7|           7|
    |p_addr3_fu_1619_p2                |     +    |      0|  0|   7|           7|           7|
    |p_addr5_fu_681_p2                 |     +    |      0|  0|   7|           7|           7|
    |p_addr7_fu_922_p2                 |     +    |      0|  0|   7|           7|           7|
    |p_addr8_fu_807_p2                 |     +    |      0|  0|   7|           7|           7|
    |p_addr_fu_1058_p2                 |     +    |      0|  0|   7|           7|           7|
    |t_fu_977_p2                       |     +    |      0|  0|   5|           5|           1|
    |r_V_1_fu_1082_p2                  |     -    |      0|  0|  30|          30|          30|
    |r_V_3_fu_1099_p2                  |     -    |      0|  0|  30|          30|          30|
    |UU_0_V_fu_1921_p3                 |  Select  |      0|  0|  27|           1|          27|
    |UU_V_0_06_UU_V_fu_1929_p3         |  Select  |      0|  0|  27|           1|          27|
    |deleted_ones_2_fu_1309_p3         |  Select  |      0|  0|   1|           1|           1|
    |deleted_ones_3_fu_1513_p3         |  Select  |      0|  0|   1|           1|           1|
    |deleted_ones_fu_1834_p3           |  Select  |      0|  0|   1|           1|           1|
    |deleted_zeros_fu_1303_p3          |  Select  |      0|  0|   1|           1|           1|
    |p_Val2_1_fu_1088_p3               |  Select  |      0|  0|  29|           1|          29|
    |p_Val2_36_fu_1749_p3              |  Select  |      0|  0|  29|           1|          29|
    |p_Val2_45_mux_fu_1907_p3          |  Select  |      0|  0|  27|           1|          26|
    |p_Val2_46_fu_1392_p3              |  Select  |      0|  0|  30|           1|          30|
    |p_Val2_4_64_fu_1385_p3            |  Select  |      0|  0|  31|           1|          31|
    |p_Val2_53_mux_fu_1378_p3          |  Select  |      0|  0|  30|           1|          29|
    |p_Val2_57_mux_fu_1582_p3          |  Select  |      0|  0|  29|           1|          28|
    |p_Val2_5_fu_1589_p3               |  Select  |      0|  0|  30|           1|          30|
    |p_Val2_s_69_fu_1914_p3            |  Select  |      0|  0|  28|           1|          28|
    |pg_1_V_1_fu_848_p3                |  Select  |      0|  0|  29|           1|          29|
    |pg_1_V_2_fu_855_p3                |  Select  |      0|  0|  29|           1|          29|
    |pg_1_V_4_fu_942_p3                |  Select  |      0|  0|  29|           1|          29|
    |pg_1_V_5_fu_949_p3                |  Select  |      0|  0|  29|           1|          29|
    |pg_1_V_7_fu_1709_p3               |  Select  |      0|  0|  29|           1|          29|
    |pg_1_V_8_fu_1716_p3               |  Select  |      0|  0|  29|           1|          29|
    |this_assign_31_1_fu_1595_p3       |  Select  |      0|  0|  29|           1|          29|
    |brmerge40_demorgan_i2_fu_1872_p2  |    and   |      0|  0|   1|           1|           1|
    |brmerge40_demorgan_i3_fu_1543_p2  |    and   |      0|  0|   1|           1|           1|
    |brmerge40_demorgan_i_fu_1331_p2   |    and   |      0|  0|   1|           1|           1|
    |carry_1_fu_1298_p2                |    and   |      0|  0|   1|           1|           1|
    |carry_2_fu_1498_p2                |    and   |      0|  0|   1|           1|           1|
    |carry_fu_1824_p2                  |    and   |      0|  0|   1|           1|           1|
    |neg_src_5_fu_1851_p2              |    and   |      0|  0|   1|           1|           1|
    |neg_src_fu_1523_p2                |    and   |      0|  0|   1|           1|           1|
    |overflow_6_fu_1866_p2             |    and   |      0|  0|   1|           1|           1|
    |overflow_7_fu_1537_p2             |    and   |      0|  0|   1|           1|           1|
    |overflow_fu_1347_p2               |    and   |      0|  0|   1|           1|           1|
    |p_38_i_fu_1315_p2                 |    and   |      0|  0|   1|           1|           1|
    |p_41_i_fu_1261_p2                 |    and   |      0|  0|   1|           1|           1|
    |qb_assign_1_fu_1271_p2            |    and   |      0|  0|   1|           1|           1|
    |qb_assign_2_fu_1471_p2            |    and   |      0|  0|   1|           1|           1|
    |qb_assign_8_fu_736_p2             |    and   |      0|  0|   1|           1|           1|
    |qb_assign_s_fu_1795_p2            |    and   |      0|  0|   1|           1|           1|
    |underflow_6_fu_1883_p2            |    and   |      0|  0|   1|           1|           1|
    |underflow_7_fu_1554_p2            |    and   |      0|  0|   1|           1|           1|
    |underflow_fu_1357_p2              |    and   |      0|  0|   1|           1|           1|
    |Range1_all_ones_fu_1243_p2        |   icmp   |      0|  0|   4|           4|           2|
    |Range1_all_zeros_fu_1249_p2       |   icmp   |      0|  0|   4|           4|           1|
    |Range2_all_ones_fu_1227_p2        |   icmp   |      0|  0|   3|           3|           2|
    |exitcond10_fu_1683_p2             |   icmp   |      0|  0|   3|           2|           3|
    |exitcond11_fu_1651_p2             |   icmp   |      0|  0|   3|           2|           3|
    |exitcond12_fu_1607_p2             |   icmp   |      0|  0|   3|           2|           3|
    |exitcond13_fu_1046_p2             |   icmp   |      0|  0|   3|           2|           3|
    |exitcond1_fu_641_p2               |   icmp   |      0|  0|   5|           5|           5|
    |exitcond2_fu_767_p2               |   icmp   |      0|  0|   5|           5|           5|
    |exitcond3_fu_822_p2               |   icmp   |      0|  0|   3|           2|           3|
    |exitcond4_fu_669_p2               |   icmp   |      0|  0|   3|           2|           3|
    |exitcond5_fu_872_p2               |   icmp   |      0|  0|   5|           5|           5|
    |exitcond6_fu_795_p2               |   icmp   |      0|  0|   3|           2|           3|
    |exitcond7_fu_971_p2               |   icmp   |      0|  0|   5|           5|           5|
    |exitcond8_fu_910_p2               |   icmp   |      0|  0|   3|           2|           3|
    |exitcond9_fu_991_p2               |   icmp   |      0|  0|   5|           5|           5|
    |exitcond_fu_1733_p2               |   icmp   |      0|  0|   3|           2|           3|
    |r_3_fu_1187_p2                    |   icmp   |      0|  0|  43|          34|           1|
    |r_fu_726_p2                       |   icmp   |      0|  0|  26|          21|           1|
    |tmp_24_fu_888_p2                  |   icmp   |      0|  0|  40|          32|          32|
    |tmp_46_fu_1641_p2                 |   icmp   |      0|  0|  40|          32|          32|
    |tmp_47_fu_1629_p2                 |   icmp   |      0|  0|  36|          29|          27|
    |tmp_48_fu_1635_p2                 |   icmp   |      0|  0|  36|          29|          28|
    |tmp_49_fu_1673_p2                 |   icmp   |      0|  0|  40|          32|          32|
    |brmerge1_fu_1902_p2               |    or    |      0|  0|   1|           1|           1|
    |brmerge2_fu_1572_p2               |    or    |      0|  0|   1|           1|           1|
    |brmerge_i3_fu_1326_p2             |    or    |      0|  0|   1|           1|           1|
    |brmerge_i4_fu_1532_p2             |    or    |      0|  0|   1|           1|           1|
    |brmerge_i_fu_1861_p2              |    or    |      0|  0|   1|           1|           1|
    |brmerge_i_i1_fu_1362_p2           |    or    |      0|  0|   1|           1|           1|
    |brmerge_i_i2_fu_1578_p2           |    or    |      0|  0|   1|           1|           1|
    |brmerge_i_i_fu_1887_p2            |    or    |      0|  0|   1|           1|           1|
    |r_i_i4_fu_731_p2                  |    or    |      0|  0|   1|           1|           1|
    |r_i_i5_fu_1267_p2                 |    or    |      0|  0|   1|           1|           1|
    |r_i_i6_fu_1466_p2                 |    or    |      0|  0|   1|           1|           1|
    |tmp2_demorgan_fu_1336_p2          |    or    |      0|  0|   1|           1|           1|
    |tmp3_fu_1368_p2                   |    or    |      0|  0|   1|           1|           1|
    |tmp4_fu_1566_p2                   |    or    |      0|  0|   1|           1|           1|
    |tmp5_fu_1897_p2                   |    or    |      0|  0|   1|           1|           1|
    |tmp_29_fu_1846_p2                 |    or    |      0|  0|   1|           1|           1|
    |tmp_45_fu_1519_p2                 |    or    |      0|  0|   1|           1|           1|
    |underflow_not_fu_1373_p2          |    or    |      0|  0|   1|           1|           1|
    |brmerge40_i2_fu_1877_p2           |    xor   |      0|  0|   2|           1|           2|
    |brmerge40_i3_fu_1548_p2           |    xor   |      0|  0|   2|           1|           2|
    |neg_src_22_not_fu_1560_p2         |    xor   |      0|  0|   2|           1|           2|
    |neg_src_23_not_fu_1892_p2         |    xor   |      0|  0|   2|           1|           2|
    |p_Result_24_not_fu_1841_p2        |    xor   |      0|  0|   2|           1|           2|
    |p_Result_34_not_fu_1503_p2        |    xor   |      0|  0|   2|           1|           2|
    |p_not_i2_fu_1856_p2               |    xor   |      0|  0|   1|           1|           1|
    |p_not_i3_fu_1528_p2               |    xor   |      0|  0|   1|           1|           1|
    |p_not_i_fu_1320_p2                |    xor   |      0|  0|   2|           1|           2|
    |tmp2_fu_1352_p2                   |    xor   |      0|  0|   2|           1|           2|
    |tmp_26_fu_1819_p2                 |    xor   |      0|  0|   2|           1|           2|
    |tmp_27_fu_1829_p2                 |    xor   |      0|  0|   2|           1|           2|
    |tmp_35_fu_1293_p2                 |    xor   |      0|  0|   2|           1|           2|
    |tmp_36_fu_1255_p2                 |    xor   |      0|  0|   2|           1|           2|
    |tmp_38_fu_1342_p2                 |    xor   |      0|  0|   2|           1|           2|
    |tmp_42_fu_1492_p2                 |    xor   |      0|  0|   2|           1|           2|
    |tmp_43_fu_1508_p2                 |    xor   |      0|  0|   2|           1|           2|
    +----------------------------------+----------+-------+---+----+------------+------------+
    |Total                             |          |      0|  0|1344|         766|        1198|
    +----------------------------------+----------+-------+---+----+------------+------------+

    * Multiplexer: 
    +--------------------------------------------+-----+-----------+-----+-----------+
    |                    Name                    | LUT | Input Size| Bits| Total Bits|
    +--------------------------------------------+-----+-----------+-----+-----------+
    |ap_NS_fsm                                   |  108|         63|    1|         63|
    |ap_return                                   |   27|          2|   27|         54|
    |grp_Compult_fitness_1_fu_573_i_op_assign_8  |    5|          4|    5|         20|
    |grp_Compult_fitness_fu_588_x_0_V_read       |   29|          3|   29|         87|
    |grp_Compult_fitness_fu_588_x_1_V_read       |   29|          3|   29|         87|
    |i_op_assign_10_reg_516                      |    2|          2|    2|          4|
    |i_op_assign_11_reg_527                      |    2|          2|    2|          4|
    |i_op_assign_12_reg_538                      |    2|          2|    2|          4|
    |i_op_assign_1_reg_414                       |    2|          2|    2|          4|
    |i_op_assign_2_reg_425                       |    5|          2|    5|         10|
    |i_op_assign_3_reg_437                       |    2|          2|    2|          4|
    |i_op_assign_4_reg_448                       |    2|          2|    2|          4|
    |i_op_assign_5_reg_459                       |    5|          2|    5|         10|
    |i_op_assign_6_reg_482                       |    5|          2|    5|         10|
    |i_op_assign_7_reg_471                       |    2|          2|    2|          4|
    |i_op_assign_8_reg_493                       |    5|          2|    5|         10|
    |i_op_assign_9_reg_561                       |    2|          2|    2|          4|
    |i_op_assign_reg_403                         |    5|          2|    5|         10|
    |i_op_assign_s_reg_505                       |    2|          2|    2|          4|
    |p_V_address0                                |    5|          4|    5|         20|
    |p_V_d0                                      |   32|          3|   32|         96|
    |pg_1_V_11_fu_206                            |   29|          2|   29|         58|
    |pg_1_V_12_fu_210                            |   29|          2|   29|         58|
    |pg_1_V_15_fu_214                            |   29|          2|   29|         58|
    |pg_1_V_16_fu_218                            |   29|          2|   29|         58|
    |v_V_address0                                |    6|          3|    6|         18|
    |v_V_d0                                      |   30|          3|   30|         90|
    |x_V_address0                                |   12|         11|    6|         66|
    |x_V_ce0                                     |    1|          3|    1|          3|
    |x_V_ce1                                     |    1|          2|    1|          2|
    |x_V_d0                                      |   29|          5|   29|        145|
    |y_V_address0                                |    6|          5|    6|         30|
    +--------------------------------------------+-----+-----------+-----+-----------+
    |Total                                       |  479|        150|  366|       1099|
    +--------------------------------------------+-----+-----------+-----+-----------+

    * Register: 
    +----------------------------------------------------+----+----+-----+-----------+
    |                        Name                        | FF | LUT| Bits| Const Bits|
    +----------------------------------------------------+----+----+-----+-----------+
    |OP1_V_3_cast_reg_2215                               |  68|   0|   68|          0|
    |OP1_V_4_cast_reg_2220                               |  68|   0|   68|          0|
    |OP1_V_cast_reg_2182                                 |  18|   0|   48|         30|
    |Range1_all_ones_reg_2347                            |   1|   0|    1|          0|
    |Range1_all_zeros_reg_2354                           |   1|   0|    1|          0|
    |UU_V_0_s_reg_549                                    |  27|   0|   27|          0|
    |ap_CS_fsm                                           |  62|   0|   62|          0|
    |ap_return_preg                                      |  27|   0|   27|          0|
    |brmerge2_reg_2472                                   |   1|   0|    1|          0|
    |brmerge40_demorgan_i2_reg_2609                      |   1|   0|    1|          0|
    |brmerge40_demorgan_i_reg_2387                       |   1|   0|    1|          0|
    |brmerge40_i2_reg_2614                               |   1|   0|    1|          0|
    |brmerge_i3_reg_2382                                 |   1|   0|    1|          0|
    |carry_2_reg_2450                                    |   1|   0|    1|          0|
    |grp_Compult_fitness_1_fu_573_ap_start_ap_start_reg  |   1|   0|    1|          0|
    |grp_Compult_fitness_fu_588_ap_start_ap_start_reg    |   1|   0|    1|          0|
    |grp_Compult_randac_fu_600_ap_start_ap_start_reg     |   1|   0|    1|          0|
    |i_6_reg_2036                                        |   5|   0|    5|          0|
    |i_8_reg_2559                                        |   2|   0|    2|          0|
    |i_9_reg_2195                                        |   5|   0|    5|          0|
    |i_op_assign_10_reg_516                              |   2|   0|    2|          0|
    |i_op_assign_11_reg_527                              |   2|   0|    2|          0|
    |i_op_assign_12_reg_538                              |   2|   0|    2|          0|
    |i_op_assign_1_reg_414                               |   2|   0|    2|          0|
    |i_op_assign_2_cast_reg_2028                         |   5|   0|   32|         27|
    |i_op_assign_2_reg_425                               |   5|   0|    5|          0|
    |i_op_assign_3_reg_437                               |   2|   0|    2|          0|
    |i_op_assign_4_reg_448                               |   2|   0|    2|          0|
    |i_op_assign_5_reg_459                               |   5|   0|    5|          0|
    |i_op_assign_6_reg_482                               |   5|   0|    5|          0|
    |i_op_assign_7_reg_471                               |   2|   0|    2|          0|
    |i_op_assign_8_cast_reg_2187                         |   5|   0|   32|         27|
    |i_op_assign_8_reg_493                               |   5|   0|    5|          0|
    |i_op_assign_9_reg_561                               |   2|   0|    2|          0|
    |i_op_assign_reg_403                                 |   5|   0|    5|          0|
    |i_op_assign_s_reg_505                               |   2|   0|    2|          0|
    |i_reg_1975                                          |   5|   0|    5|          0|
    |j_2_reg_2079                                        |   2|   0|    2|          0|
    |j_3_reg_1988                                        |   2|   0|    2|          0|
    |j_4_reg_2148                                        |   2|   0|    2|          0|
    |j_5_reg_2508                                        |   2|   0|    2|          0|
    |j_6_reg_2540                                        |   2|   0|    2|          0|
    |j_7_reg_2236                                        |   2|   0|    2|          0|
    |j_reg_2061                                          |   2|   0|    2|          0|
    |k_reg_2480                                          |   2|   0|    2|          0|
    |neg_src_5_reg_2597                                  |   1|   0|    1|          0|
    |newsignbit_7_reg_2443                               |   1|   0|    1|          0|
    |newsignbit_8_reg_2589                               |   1|   0|    1|          0|
    |newsignbit_reg_2370                                 |   1|   0|    1|          0|
    |overflow_6_reg_2603                                 |   1|   0|    1|          0|
    |overflow_7_reg_2461                                 |   1|   0|    1|          0|
    |p_38_i_reg_2377                                     |   1|   0|    1|          0|
    |p_41_i_reg_2359                                     |   1|   0|    1|          0|
    |p_Result_34_not_reg_2456                            |   1|   0|    1|          0|
    |p_V_addr_2_reg_2490                                 |   5|   0|    5|          0|
    |p_Val2_38_reg_2583                                  |  27|   0|   27|          0|
    |p_Val2_3_reg_2301                                   |  68|   0|   68|          0|
    |p_Val2_40_reg_2261                                  |  29|   0|   29|          0|
    |p_Val2_41_reg_2296                                  |  48|   0|   48|          0|
    |p_Val2_42_reg_2311                                  |  68|   0|   68|          0|
    |p_Val2_44_reg_2322                                  |  30|   0|   30|          0|
    |p_Val2_45_reg_2364                                  |  30|   0|   30|          0|
    |p_Val2_46_reg_2397                                  |  30|   0|   30|          0|
    |p_Val2_48_reg_2421                                  |  29|   0|   29|          0|
    |p_Val2_49_reg_2437                                  |  29|   0|   29|          0|
    |p_Val2_4_reg_2306                                   |  68|   0|   68|          0|
    |p_addr10_cast_reg_2225                              |   5|   0|    7|          2|
    |p_addr1_cast_reg_2513                               |   7|   0|   32|         25|
    |p_addr4_cast_reg_1980                               |   5|   0|    7|          2|
    |p_addr5_reg_1993                                    |   7|   0|    7|          0|
    |p_addr6_cast_reg_2140                               |   5|   0|    7|          2|
    |p_addr8_cast_reg_2066                               |   7|   0|   32|         25|
    |p_addr9_cast_reg_2053                               |   5|   0|    7|          2|
    |pg_1_V_11_fu_206                                    |  29|   0|   29|          0|
    |pg_1_V_12_fu_210                                    |  29|   0|   29|          0|
    |pg_1_V_13_reg_2114                                  |  29|   0|   29|          0|
    |pg_1_V_14_reg_2109                                  |  29|   0|   29|          0|
    |pg_1_V_15_fu_214                                    |  29|   0|   29|          0|
    |pg_1_V_16_fu_218                                    |  29|   0|   29|          0|
    |pg_1_V_3_fu_202                                     |  29|   0|   29|          0|
    |pg_1_V_fu_198                                       |  29|   0|   29|          0|
    |qb_assign_2_reg_2432                                |   1|   0|    1|          0|
    |qb_assign_8_reg_2023                                |   1|   0|    1|          0|
    |qbit_4_reg_2327                                     |   1|   0|    1|          0|
    |qbit_5_reg_2403                                     |   1|   0|    1|          0|
    |qbit_reg_2008                                       |   1|   0|    1|          0|
    |r_3_reg_2332                                        |   1|   0|    1|          0|
    |r_4_reg_2408                                        |   1|   0|    1|          0|
    |r_V_1_reg_2266                                      |  30|   0|   30|          0|
    |r_V_3_reg_2271                                      |  30|   0|   30|          0|
    |randac2_V_reg_2200                                  |  20|   0|   20|          0|
    |reg_628                                             |  20|   0|   20|          0|
    |reg_632                                             |  32|   0|   32|          0|
    |reg_637                                             |  32|   0|   32|          0|
    |signbit_2_reg_2413                                  |   1|   0|    1|          0|
    |signbit_3_reg_2569                                  |   1|   0|    1|          0|
    |signbit_reg_2316                                    |   1|   0|    1|          0|
    |t_reg_2172                                          |   5|   0|    5|          0|
    |tmp2_demorgan_reg_2392                              |   1|   0|    1|          0|
    |tmp_24_reg_2136                                     |   1|   0|    1|          0|
    |tmp_46_reg_2501                                     |   1|   0|    1|          0|
    |tmp_49_reg_2533                                     |   1|   0|    1|          0|
    |tmp_65_reg_2003                                     |  18|   0|   18|          0|
    |tmp_67_reg_2013                                     |  21|   0|   21|          0|
    |tmp_68_reg_2018                                     |   1|   0|    1|          0|
    |tmp_69_reg_2089                                     |   1|   0|    1|          0|
    |tmp_70_reg_2564                                     |   1|   0|    1|          0|
    |tmp_73_reg_2577                                     |   1|   0|    1|          0|
    |tmp_76_reg_2158                                     |   1|   0|    1|          0|
    |tmp_77_reg_2256                                     |   1|   0|    1|          0|
    |tmp_81_reg_2337                                     |   1|   0|    1|          0|
    |tmp_82_reg_2342                                     |   1|   0|    1|          0|
    |tmp_88_reg_2426                                     |   1|   0|    1|          0|
    |tmp_91_reg_2550                                     |   1|   0|    1|          0|
    |underflow_7_reg_2466                                |   1|   0|    1|          0|
    |v_V_addr_1_reg_2241                                 |   6|   0|    6|          0|
    |v_V_load_reg_2286                                   |  30|   0|   30|          0|
    |x_V_addr_4_reg_2251                                 |   6|   0|    6|          0|
    |x_V_addr_5_reg_2485                                 |   6|   0|    6|          0|
    +----------------------------------------------------+----+----+-----+-----------+
    |Total                                               |1391|   0| 1533|        142|
    +----------------------------------------------------+----+----+-----+-----------+



================================================================
== Interface
================================================================
* Summary: 
+------------+-----+-----+------------+--------------+--------------+
|  RTL Ports | Dir | Bits|  Protocol  | Source Object|    C Type    |
+------------+-----+-----+------------+--------------+--------------+
|ap_clk      |  in |    1| ap_ctrl_hs |  Compult_pso | return value |
|ap_rst      |  in |    1| ap_ctrl_hs |  Compult_pso | return value |
|ap_start    |  in |    1| ap_ctrl_hs |  Compult_pso | return value |
|ap_done     | out |    1| ap_ctrl_hs |  Compult_pso | return value |
|ap_idle     | out |    1| ap_ctrl_hs |  Compult_pso | return value |
|ap_ready    | out |    1| ap_ctrl_hs |  Compult_pso | return value |
|ap_return   | out |   27| ap_ctrl_hs |  Compult_pso | return value |
|G_0_V_read  |  in |   28|   ap_none  |  G_0_V_read  |    scalar    |
|G_1_V_read  |  in |   28|   ap_none  |  G_1_V_read  |    scalar    |
|b_0_V_read  |  in |   31|   ap_none  |  b_0_V_read  |    scalar    |
|b_1_V_read  |  in |   31|   ap_none  |  b_1_V_read  |    scalar    |
|b_2_V_read  |  in |   31|   ap_none  |  b_2_V_read  |    scalar    |
|b_3_V_read  |  in |   31|   ap_none  |  b_3_V_read  |    scalar    |
+------------+-----+-----+------------+--------------+--------------+

